【登录信息】
*318194637fc953496e5082ebcbeae7a2*
`登陆天数: 134天 / 2639天
等级: 143
石头: 2182
呼符: 100
体力: 87745.35333333333 / 141
友情点: 1020 / 9677685`
*連続ログイン1日目
※ログインが途切れるか、7日到達すると
1日目から再開されます*
`英霊結晶・星のフォウくん X 1
フレンドポイント X 2000
8月交換券(2026) X 1
`_2026-08-05 20:41:21_
--------
*9d78e90bb76b42970abd7495d7329768*
`登陆天数: 134天 / 1906天
等级: 128
石头: 640
呼符: 68
体力: 366388.6666666667 / 137
友情点: 0 / 885050`
*連続ログイン1日目
※ログインが途切れるか、7日到達すると
1日目から再開されます*
`英霊結晶・星のフォウくん X 1
フレンドポイント X 2000
8月交換券(2026) X 1
`_2026-08-05 20:41:30_
--------
