【登录信息】
*318194637fc953496e5082ebcbeae7a2*
`登陆天数: 141天 / 2646天
等级: 143
石头: 2182
呼符: 100
体力: 89754.46666666666 / 141
友情点: 340 / 9683470`
*連続ログイン1日目
※ログインが途切れるか、7日到達すると
1日目から再開されます*
`英霊結晶・星のフォウくん X 1
フレンドポイント X 2000
8月交換券(2026) X 1
`_2026-08-12 20:06:55_
--------
*9d78e90bb76b42970abd7495d7329768*
`登陆天数: 141天 / 1913天
等级: 128
石头: 640
呼符: 68
体力: 368397.78 / 137
友情点: 110 / 885160`
*連続ログイン1日目
※ログインが途切れるか、7日到達すると
1日目から再開されます*
`英霊結晶・星のフォウくん X 1
フレンドポイント X 2000
8月交換券(2026) X 1
`_2026-08-12 20:07:04_
--------
