【登录信息】
*318194637fc953496e5082ebcbeae7a2*
`登陆天数: 43天 / 2701天
等级: 143
石头: 2182
呼符: 100
体力: 105924.7 / 141
友情点: 255 / 9709270`
*連続ログイン1日目
※ログインが途切れるか、7日到達すると
1日目から再開されます*
`英霊結晶・星のフォウくん X 1
フレンドポイント X 2000
10月交換券(2026) X 1
`_2026-10-07 23:38:05_
--------
*9d78e90bb76b42970abd7495d7329768*
`登陆天数: 43天 / 1968天
等级: 128
石头: 640
呼符: 68
体力: 384568.0133333333 / 137
友情点: 0 / 885170`
*連続ログイン1日目
※ログインが途切れるか、7日到達すると
1日目から再開されます*
`英霊結晶・星のフォウくん X 1
フレンドポイント X 2000
10月交換券(2026) X 1
`_2026-10-07 23:38:15_
--------
